// Jest Snapshot v1, https://goo.gl/fbAQLP

exports[`<Base /> should match snapshot 1`] = `
.c17 {
  position: fixed;
  background: #000000;
  color: #ffffff;
  display: -webkit-box;
  display: -webkit-flex;
  display: -ms-flexbox;
  display: flex;
  -webkit-align-items: center;
  -webkit-box-align: center;
  -ms-flex-align: center;
  align-items: center;
  -webkit-box-pack: center;
  -webkit-justify-content: center;
  -ms-flex-pack: center;
  justify-content: center;
  width: 4rem;
  height: 4rem;
  bottom: 2rem;
  right: 2rem;
  z-index: 6;
  opacity: 0.7;
}

.c1 {
  display: inline-block;
  vertical-align: middle;
  overflow: hidden;
}

.c6 {
  color: #000000;
  line-height: 1.2;
  font-size: 2.4rem;
  text-transform: uppercase;
}

.c7 {
  display: -webkit-box;
  display: -webkit-flex;
  display: -ms-flexbox;
  display: flex;
  -webkit-align-items: center;
  -webkit-box-align: center;
  -ms-flex-align: center;
  align-items: center;
  -webkit-text-decoration: none;
  text-decoration: none;
  color: inherit;
}

.c7 > img {
  width: 15rem;
  height: 15rem;
  border-radius: 50%;
}

.c11 {
  display: -webkit-box;
  display: -webkit-flex;
  display: -ms-flexbox;
  display: flex;
  -webkit-box-pack: center;
  -webkit-justify-content: center;
  -ms-flex-pack: center;
  justify-content: center;
  -webkit-align-items: center;
  -webkit-box-align: center;
  -ms-flex-align: center;
  align-items: center;
  padding-right: 3.2rem;
  padding-left: 3.2rem;
  padding-bottom: 5.6rem;
  width: 100%;
  max-width: 96rem;
  color: #333333;
  font-size: 1.6rem;
  margin: 0 auto;
}

.c11 .c5 {
  margin: 0 0 calc(1.6rem - 1rem);
}

.c12 {
  display: -webkit-box;
  display: -webkit-flex;
  display: -ms-flexbox;
  display: flex;
  -webkit-flex-flow: column wrap;
  -ms-flex-flow: column wrap;
  flex-flow: column wrap;
  margin-left: 3.2rem;
  max-width: 48rem;
}

.c12 p {
  margin-top: 0;
}

.c9 {
  display: block;
  -webkit-text-decoration: none;
  text-decoration: none;
  font-size: 1.6rem;
  margin-bottom: 1.6rem;
  color: #ffffff;
  border-right: 0.5rem solid #000000;
  -webkit-transition: all 300ms ease-in-out;
  transition: all 300ms ease-in-out;
}

.c9:hover {
  border-right: 0.5rem solid #dc143c;
  color: #dc143c;
}

.c2 {
  background: #000000;
  padding: 3.2rem;
  display: -webkit-box;
  display: -webkit-flex;
  display: -ms-flexbox;
  display: flex;
  position: fixed;
  z-index: 1;
  width: 100%;
  max-width: 32rem;
  height: 100vh;
  top: 0;
  -webkit-transition: all 300ms ease-in-out;
  transition: all 300ms ease-in-out;
  overflow-y: auto;
  left: -30rem;
  overflow-y: hidden;
}

.c3 {
  margin: auto;
  width: 100%;
}

.c4 .c5 {
  display: -webkit-box;
  display: -webkit-flex;
  display: -ms-flexbox;
  display: flex;
  -webkit-box-pack: center;
  -webkit-justify-content: center;
  -ms-flex-pack: center;
  justify-content: center;
  margin: 0;
  margin-bottom: 4.8rem;
}

.c4 .c5 img {
  border: 0.5rem solid #dc143c;
}

.c8 {
  list-style: none;
  padding: 0;
}

.c0 {
  z-index: 2;
  position: fixed;
  top: 2rem;
  width: 4rem;
  height: 4rem;
  -webkit-transition: all 300ms ease-in-out;
  transition: all 300ms ease-in-out;
  left: 1rem;
  background: #000000;
  color: #ffffff;
  border: none;
  display: -webkit-box;
  display: -webkit-flex;
  display: -ms-flexbox;
  display: flex;
  -webkit-align-items: center;
  -webkit-box-align: center;
  -ms-flex-align: center;
  align-items: center;
  -webkit-box-pack: center;
  -webkit-justify-content: center;
  -ms-flex-pack: center;
  justify-content: center;
  cursor: pointer;
}

.c0 > svg {
  width: 2.5rem;
  height: 2.5rem;
}

.c0 > svg:hover {
  color: #dc143c;
}

.c15 {
  text-align: center;
  border-top: solid 0.1rem #dddddd;
  display: -webkit-box;
  display: -webkit-flex;
  display: -ms-flexbox;
  display: flex;
  -webkit-box-pack: center;
  -webkit-justify-content: center;
  -ms-flex-pack: center;
  justify-content: center;
  -webkit-align-items: center;
  -webkit-box-align: center;
  -ms-flex-align: center;
  align-items: center;
}

.c15 a {
  color: inherit;
  -webkit-text-decoration: none;
  text-decoration: none;
  font-size: 1.6rem;
}

.c16 {
  font-size: 2rem;
}

.c16 blockquote {
  border-left: 0.5rem solid #dc143c;
  color: #AAAAAA;
  -webkit-filter: brightness(80%);
  filter: brightness(80%);
  padding-left: 2.4rem;
  font-style: italic;
  margin: 2.4rem;
}

.c16 code {
  font-family: monospace;
  color: #dc143c;
  font-size: 1.6rem;
  background: #dddddd;
  padding: 0.2rem;
  margin: 0.2rem;
}

.c16 .language-plaintext {
  font-size: 1.6rem;
  background: #000000;
  color: #ffffff;
}

.c16 p,
.c16 pre {
  margin: 4.0rem 0;
}

.c16 pre {
  font-family: monospace;
  width: 100%;
  overflow-x: auto;
  font-size: 1.6rem;
  background: #000000;
  color: #ffffff;
  padding: 2.4rem;
}

.c16 a,
.c16 a:visited,
.c16 a:link {
  color: #dc143c;
  -webkit-text-decoration: none;
  text-decoration: none;
  -webkit-transition: all 300ms ease-in-out;
  transition: all 300ms ease-in-out;
}

.c16 a:hover {
  -webkit-filter: brightness(60%);
  filter: brightness(60%);
}

.c16 img {
  max-width: 100%;
}

.c16 .image {
  background: #dddddd;
  line-height: 0;
  margin: 4.0rem 0;
}

.c16 .image figcaption {
  padding: .8rem;
  text-align: center;
  font-size: 1.6rem;
  line-height: 1.3;
}

.c16 .image-style-side {
  float: right;
  max-width: 50%;
  margin: 2.4rem;
}

.c16 ul,
.c16 ol {
  margin: 4.0rem;
}

.c16 hr {
  border: none;
  border-bottom: 0.1rem solid #dddddd;
}

.c16 .table {
  width: 100%;
  overflow: hidden;
  overflow-x: auto;
}

.c16 table {
  width: 100%;
  border-collapse: collapse;
}

.c16 table td,
.c16 table th {
  padding: 1.6rem;
  border: 0.1rem solid #dddddd;
}

.c10 {
  margin-top: 6.4rem;
}

.c13 {
  max-width: 120rem;
  width: 100%;
  margin: 0 auto;
  margin-bottom: 6.4rem;
}

.c14 {
  max-width: 120rem;
  width: 100%;
  margin: 0 auto;
  padding: 3.2rem;
}

@media (max-width:768px) {
  .c2 {
    left: -32rem;
  }
}

@media (max-width:768px) {
  .c0 {
    left: -0.4rem;
  }
}

@media (max-width:768px) {
  .c16 {
    font-size: 2rem;
  }

  .c16 .image-style-side {
    float: none;
    max-width: 100%;
    margin: 0;
  }
}

<div>
  <div
    class=""
  >
    <button
      aria-label="Open/Close"
      class="c0"
    >
      <svg
        aria-hidden="true"
        aria-label="Open menu"
        class="c1"
        fill="currentColor"
        focusable="false"
        viewBox="0 0 24 24"
        xmlns="http://www.w3.org/2000/svg"
      >
        <path
          d="M3 18h18v-2H3v2zm0-5h18v-2H3v2zm0-7v2h18V6H3z"
        />
      </svg>
    </button>
    <div
      aria-hidden="true"
      class="c2"
    >
      <nav
        class="c3"
      >
        <div
          class="c4"
        >
          <h1
            class="c5 c6"
          >
            <a
              href="/"
            >
              <a
                class="c7"
                target="_self"
              >
                <img
                  alt="Logo"
                  src="assets/images/I-am.jfif"
                />
              </a>
            </a>
          </h1>
        </div>
        <ul
          class="c8"
        >
          <li
            class=""
          >
            <a
              class="c9"
              href="#about"
              target="_self"
            >
              About
            </a>
          </li>
          <li
            class=""
          >
            <a
              class="c9"
              href="#skills"
              target="_self"
            >
              Skills
            </a>
          </li>
          <li
            class=""
          >
            <a
              class="c9"
              href="#contact"
              target="_self"
            >
              Contact
            </a>
          </li>
        </ul>
      </nav>
    </div>
    <div
      class="c10"
    >
      <header
        class="c11"
      >
        <h1
          class="c5 c6"
        >
          <a
            href="/"
          >
            <a
              class="c7"
              target="_self"
            >
              <img
                alt="Bruno Alexandre - Blog de ideias e de projetos realizados"
                src="assets/images/I-am.jfif"
              />
            </a>
          </a>
        </h1>
        <div
          class="c12"
        >
          <h2
            class="c5 c6"
          >
            Bruno Alexandre
          </h2>
          <p>
            Blog de ideias e de projetos realizados
          </p>
        </div>
      </header>
    </div>
    <div
      class="c13"
    >
      Ol√° Mundo
    </div>
    <div
      class="c14"
    >
      <footer
        class="c15"
      >
        <div
          class="c16"
        >
          feito com amor
        </div>
      </footer>
    </div>
    <a
      aria-label="Go to top"
      class="c17"
      href="#"
      title="Go to top"
    >
      <svg
        aria-hidden="true"
        class="c1"
        fill="currentColor"
        focusable="false"
        viewBox="0 0 24 24"
        xmlns="http://www.w3.org/2000/svg"
      >
        <path
          d="M7.41 15.41 12 10.83l4.59 4.58L18 14l-6-6-6 6 1.41 1.41z"
        />
      </svg>
    </a>
  </div>
</div>
`;
