// Jest Snapshot v1, https://goo.gl/fbAQLP

exports[`<PostCard /> should match snapshot 1`] = `
.c3 {
  color: #000000;
  line-height: 1.2;
  font-size: 2.4rem;
  text-transform: uppercase;
}

.c0 {
  box-sizing: border-box;
  display: -webkit-box;
  display: -webkit-flex;
  display: -ms-flexbox;
  display: flex;
  -webkit-flex-direction: column;
  -ms-flex-direction: column;
  flex-direction: column;
  -webkit-box-pack: justify;
  -webkit-justify-content: space-between;
  -ms-flex-pack: justify;
  justify-content: space-between;
  background-color: #ffffff;
  box-shadow: 0 0 10px rgb(0,0,0,0.2);
  border-radius: 8px;
  padding: 1rem;
  cursor: pointer;
  -webkit-transition: -webkit-transform 100ms ease-in-out;
  -webkit-transition: transform 100ms ease-in-out;
  transition: transform 100ms ease-in-out;
}

.c0 .c2 {
  margin: .8rem 0 1.6rem 0;
}

.c0 a {
  -webkit-text-decoration: none;
  text-decoration: none;
  color: inherit;
  -webkit-transition: all 300ms ease-in-out;
  transition: all 300ms ease-in-out;
}

.c0:hover {
  -webkit-transform: scale(1.05);
  -ms-transform: scale(1.05);
  transform: scale(1.05);
}

.c0:hover a,
.c0:hover img {
  color: #dc143c;
  opacity: 0.8;
}

.c1 {
  width: 100%;
  -webkit-transition: opacity 300ms ease-in-out;
  transition: opacity 300ms ease-in-out;
}

.c4 {
  margin-top: 0;
}

<div>
  <div
    class="c0"
    style="max-width: 32rem;"
  >
    <a
      href="/post/react-hook-studies"
    >
      <img
        class="c1"
        src="https://res.cloudinary.com/dxldesniw/image/upload/v1677769491/thumbnail_MKS_entrevista_87872be63c_60bb358adf.jpg"
      />
    </a>
    <h2
      class="c2 c3"
    >
      <a
        href="/post/react-hook-studies"
      >
        ReactHook Studies
      </a>
    </h2>
    <p
      class="c4"
    >
      I made this project using various react hooks, such as useEffect to make a call to the api, use State to keep my data in state, useContext and useReducer to do the work in the general context in the shopping cart.
    </p>
  </div>
</div>
`;
