// Jest Snapshot v1, https://goo.gl/fbAQLP

exports[`<Header /> should match snapshot 1`] = `
.c2 {
  color: #000000;
  line-height: 1.2;
  font-size: 2.4rem;
  text-transform: uppercase;
}

.c3 {
  display: -webkit-box;
  display: -webkit-flex;
  display: -ms-flexbox;
  display: flex;
  -webkit-align-items: center;
  -webkit-box-align: center;
  -ms-flex-align: center;
  align-items: center;
  -webkit-text-decoration: none;
  text-decoration: none;
  color: inherit;
}

.c3 img {
  width: 15rem;
  height: 15rem;
  border-radius: 50%;
}

.c0 {
  display: -webkit-box;
  display: -webkit-flex;
  display: -ms-flexbox;
  display: flex;
  -webkit-box-pack: center;
  -webkit-justify-content: center;
  -ms-flex-pack: center;
  justify-content: center;
  -webkit-align-items: center;
  -webkit-box-align: center;
  -ms-flex-align: center;
  align-items: center;
  padding-bottom: 5.6rem;
  width: 100%;
  max-width: 96rem;
  color: #333333;
  font-size: 1.6rem;
  margin: 0 auto;
}

.c0 .c1 {
  margin: 0 0 calc(1.6rem - 1rem);
}

.c4 {
  display: -webkit-box;
  display: -webkit-flex;
  display: -ms-flexbox;
  display: flex;
  -webkit-flex-flow: column wrap;
  -ms-flex-flow: column wrap;
  flex-flow: column wrap;
  margin-left: 3.2rem;
  max-width: 48rem;
}

.c4 p {
  margin-top: 0;
}

@media (max-width:400px) {
  .c0 {
    display: -webkit-box;
    display: -webkit-flex;
    display: -ms-flexbox;
    display: flex;
    -webkit-flex-flow: column wrap;
    -ms-flex-flow: column wrap;
    flex-flow: column wrap;
  }

  .c0 > .c1 {
    margin: 0 0 2.4rem 0;
  }
}

@media (max-width:400px) {
  .c4 {
    margin-left: 0;
  }
}

<div>
  <header
    class="c0"
  >
    <h1
      class="c1 c2"
    >
      <a
        href="/"
        target="_self"
      >
        <div
          class="c3"
        >
          <img
            alt="Bruno Alexandre - Lorem ipsum dolor sit amet consectetur adipisicing elit. Possimus doloremque nulla eius aperiam modi error facere, commodi."
            src="https://res.cloudinary.com/dxldesniw/image/upload/v1677869914/logo1_6dca30fa4b.png"
          />
        </div>
      </a>
    </h1>
    <div
      class="c4"
    >
      <h2
        class="c1 c2"
      >
        Bruno Alexandre
      </h2>
      <p>
        Lorem ipsum dolor sit amet consectetur adipisicing elit. Possimus doloremque nulla eius aperiam modi error facere, commodi.
      </p>
    </div>
  </header>
</div>
`;
