// Jest Snapshot v1, https://goo.gl/fbAQLP

exports[`<BtnToggleTheme /> should render input and toggle between theme toggling input 1`] = `
.c0 {
  position: fixed;
  top: 2rem;
  right: 2rem;
  z-index: 2;
}

.c1 {
  position: relative;
  display: inline-block;
  width: 5rem;
  height: 2.5rem;
  line-height: 0;
  overflow: hidden;
  font-size: 0;
  color: rgba(0,0,0,0);
}

.c5:checked + .c3 {
  background: #dc143c;
}

.c5:focus + .c3 {
  border: solid 1px #dc143c;
}

.c5:checked + .c3::before {
  -webkit-transform: translateX(1.95rem);
  -ms-transform: translateX(1.95rem);
  transform: translateX(1.95rem);
  background: #000000;
}

.c2 {
  -webkit-appearance: none;
  -moz-appearance: none;
  appearance: none;
  opacity: 0;
  width: 0;
  height: 0;
}

.c2:checked + .c3 {
  background: #dc143c;
}

.c2:focus + .c3 {
  border: solid 1px #dc143c;
}

.c2:checked + .c3::before {
  -webkit-transform: translateX(1.95rem);
  -ms-transform: translateX(1.95rem);
  transform: translateX(1.95rem);
  background: #ffffff;
}

.c4 {
  position: absolute;
  top: 0;
  right: 0;
  left: 0;
  bottom: 0;
  cursor: pointer;
  background: #f9f9f9;
  -webkit-transition: all 300ms ease-in-out;
  transition: all 300ms ease-in-out;
  border: solid 1px #ccc;
  border-radius: 2rem;
}

.c4::before {
  content: '';
  position: absolute;
  height: 2.1rem;
  width: 2.1rem;
  left: 0.4rem;
  bottom: 0.1rem;
  background: #f9f9f9;
  border-radius: 50%;
  -webkit-transition: all 300ms ease-in-out;
  transition: all 300ms ease-in-out;
}

<div>
  <div
    class="c0"
  >
    <label
      class="c1"
    >
      Toggle light and dark mode
      <input
        class="c2"
        type="checkbox"
        value="Dark mode active"
      />
      <span
        class="c3 c4"
      />
    </label>
  </div>
</div>
`;
