// Jest Snapshot v1, https://goo.gl/fbAQLP

exports[`<PostGrid /> should match snapshot 1`] = `
.c5 {
  color: #000000;
  line-height: 1.2;
  font-size: 2.4rem;
  text-transform: uppercase;
}

.c2 {
  box-sizing: border-box;
  display: -webkit-box;
  display: -webkit-flex;
  display: -ms-flexbox;
  display: flex;
  -webkit-flex-direction: column;
  -ms-flex-direction: column;
  flex-direction: column;
  -webkit-box-pack: justify;
  -webkit-justify-content: space-between;
  -ms-flex-pack: justify;
  justify-content: space-between;
  background-color: #fff;
  box-shadow: 0 0 10px rgb(0,0,0,0.2);
  border-radius: 8px;
  padding: 1rem;
  cursor: pointer;
  -webkit-transition: -webkit-transform 100ms ease-in-out;
  -webkit-transition: transform 100ms ease-in-out;
  transition: transform 100ms ease-in-out;
}

.c2 .c4 {
  margin: .8rem 0 1.6rem 0;
}

.c2 a {
  -webkit-text-decoration: none;
  text-decoration: none;
  color: inherit;
  -webkit-transition: all 300ms ease-in-out;
  transition: all 300ms ease-in-out;
}

.c2:hover {
  -webkit-transform: scale(1.05);
  -ms-transform: scale(1.05);
  transform: scale(1.05);
}

.c2:hover a,
.c2:hover img {
  color: #dc143c;
  opacity: 0.8;
}

.c3 {
  width: 100%;
  -webkit-transition: opacity 300ms ease-in-out;
  transition: opacity 300ms ease-in-out;
}

.c6 {
  margin-top: 0;
}

.c0 {
  width: 100%;
}

.c1 {
  max-width: 120rem;
  margin: 0 auto;
  display: grid;
  grid-template-columns: repeat(auto-fill,minmax(320px,1fr));
  gap: 3.2rem;
  padding: 3.2rem;
}

@media (max-width:400px) {
  .c1 {
    grid-template-columns: 1fr;
  }
}

<div>
  <div
    class="c0"
  >
    <div
      class="c1"
    >
      <div
        class="c2"
        style="max-width: 32rem;"
      >
        <a
          href="/post/react-hook-studies"
        >
          <img
            class="c3"
            src="https://res.cloudinary.com/dxldesniw/image/upload/v1677769491/thumbnail_MKS_entrevista_87872be63c_60bb358adf.jpg"
          />
        </a>
        <h2
          class="c4 c5"
        >
          <a
            href="/post/react-hook-studies"
          >
            ReactHook Studies
          </a>
        </h2>
        <p
          class="c6"
        >
          I made this project using various react hooks, such as useEffect to make a call to the api, use State to keep my data in state, useContext and useReducer to do the work in the general context in the shopping cart.
        </p>
      </div>
      <div
        class="c2"
        style="max-width: 32rem;"
      >
        <a
          href="/post/vue-app"
        >
          <img
            class="c3"
            src="https://res.cloudinary.com/dxldesniw/image/upload/v1679940199/medium_Vue_Categories_9c010b29a0_b53cebb018.jpg"
          />
        </a>
        <h2
          class="c4 c5"
        >
          <a
            href="/post/vue-app"
          >
            Vue App
          </a>
        </h2>
        <p
          class="c6"
        >
          Foi uma aplicação completa feita em vue js no front-end, no backend ele foi feito completamente em node js, usando middleware para o express como o body-parse, cors. 
        </p>
      </div>
    </div>
  </div>
</div>
`;
