// Jest Snapshot v1, https://goo.gl/fbAQLP

exports[`<ArticleMeta /> should match snapshot 1`] = `
.c0 {
  font-size: 1.6rem;
  color: #AAAAAA;
  font-style: italic;
}

.c0 .categories span::after {
  content: ', ';
}

.c0 .categories span:last-child::after {
  content: '';
}

.c0 a {
  -webkit-text-decoration: none;
  text-decoration: none;
  -webkit-transition: all 300ms ease-in-out;
  transition: all 300ms ease-in-out;
}

.c0 a:hover {
  -webkit-filter: brightness(50%);
  filter: brightness(50%);
}

<div>
  <div
    class="c0"
  >
    <p>
      <span>
        Por: 
      </span>
      <a
        href="/author/bruno-alexandre"
      >
        Bruno Alexandre
      </a>
      <span
        class="separador"
      >
         | 
      </span>
      <time
        datetime="2021-03-02T15:16:09.246+00:00"
      >
        2 de mar. de 2021
      </time>
      <span
        class="separador"
      >
         | 
      </span>
      <span
        class="categories"
      >
        <span>
          <a
            href="/category/react-js"
          >
            ReactJs
          </a>
        </span>
        <span>
          <a
            href="/category/java-script"
          >
            JavaScript
          </a>
        </span>
      </span>
    </p>
  </div>
</div>
`;
