// Jest Snapshot v1, https://goo.gl/fbAQLP

exports[`<PostTags /> should match snapshot 1`] = `
.c0 {
  margin: 2.4rem 0;
}

.c0 span {
  margin: 0 0 0 0.5rem;
}

.c0 span::before {
  content: ' ';
}

.c0 span::after {
  content: ', ';
}

.c0 span:last-child::after {
  content: '';
}

.c0 a {
  -webkit-text-decoration: none;
  text-decoration: none;
  -webkit-transition: all 300ms ease-in-out;
  transition: all 300ms ease-in-out;
}

.c0 a:hover {
  -webkit-filter: brightness(60%);
  filter: brightness(60%);
}

<div>
  <p
    class="c0"
  >
    Tags:
    <span>
      <a
        href="axios"
      >
        Axios
      </a>
    </span>
    <span>
      <a
        href="authenticator"
      >
        Authenticator 
      </a>
    </span>
  </p>
</div>
`;
