// Jest Snapshot v1, https://goo.gl/fbAQLP

exports[`<ArticleHeader /> should match snapshot 1`] = `
.c5 {
  font-size: 1.6rem;
  color: #AAAAAA;
  font-style: italic;
}

.c5 .categories span::after {
  content: ', ';
}

.c5 .categories span:last-child::after {
  content: '';
}

.c5 a {
  -webkit-text-decoration: none;
  text-decoration: none;
  -webkit-transition: all 300ms ease-in-out;
  transition: all 300ms ease-in-out;
}

.c5 a:hover {
  -webkit-filter: brightness(50%);
  filter: brightness(50%);
}

.c2 {
  color: #000000;
  line-height: 1.2;
  font-size: 4.0rem;
  text-transform: uppercase;
}

.c0 {
  padding-bottom: 3.2rem;
  margin-bottom: 3.2rem;
  border-bottom: 0.1rem solid #dddddd;
}

.c0 .c1 {
  margin: 0;
  margin-bottom: 2.4rem;
}

.c3 {
  margin: 2.4rem 0;
  font-size: 2.4rem;
}

.c4 {
  width: 100%;
  display: block;
  margin-bottom: 2.4rem;
}

<div>
  <header
    class="c0"
  >
    <h1
      class="c1 c2"
    >
      ReactHook Studies
    </h1>
    <p
      class="c3"
    >
      I made this project using various react hooks, such as useEffect to make a call to the api, use State to keep my data in state, useContext and useReducer to do the work in the general context in the shopping cart.
    </p>
    <img
      alt="ReactHook Studies"
      class="c4"
      src="https://res.cloudinary.com/dxldesniw/image/upload/v1677769491/thumbnail_MKS_entrevista_87872be63c_60bb358adf.jpg"
    />
    <div
      class="c5"
    >
      <p>
        <span>
          Por: 
        </span>
        <a
          href="/author/bruno-alexandre"
        >
          Bruno Alexandre
        </a>
        <span
          class="separador"
        >
           | 
        </span>
        <time
          datetime="2021-03-02T15:16:09.246+00:00"
        >
          2 de mar. de 2021
        </time>
        <span
          class="separador"
        >
           | 
        </span>
        <span
          class="categories"
        >
          <span>
            <a
              href="/category/react-js"
            >
              ReactJs
            </a>
          </span>
          <span>
            <a
              href="/category/java-script"
            >
              JavaScript
            </a>
          </span>
        </span>
      </p>
    </div>
  </header>
</div>
`;
